[    1750ms] [ERROR] Executing inline script violates the following Content Security Policy directive 'script-src 'self' https://snap-assets.midtrans.com https://api.midtrans.com https://pay.google.com https://gwk.gopayapi.com/sdk/stable/gp-container.min.js https://www.googletagmanager.com https://o.alicdn.com https://g.alicdn.com'. Either the 'unsafe-inline' keyword, a hash ('sha256-DueWcbxgRVJl6J5x2OBGlMjJ0RI9aTrwDoqaA4GHDhs='), or a nonce ('nonce-...') is required to enable inline execution. The action has been blocked. @ https://app.midtrans.com/snap/v4/popup?origin_host=https://agentq.id&client_key=Mid-client-yDOohRuMqY_m4QfN#/:0
[    4876ms] [VERBOSE] [DOM] Input elements should have autocomplete attributes (suggested: "current-password"): (More info: https://goo.gl/9p2vKq) %o @ https://agentq.id/login:0
[    5827ms] [COUNT] %c%d: 1 @ https://g.alicdn.com/captcha-frontend/FeiLin/1.5.1/feilin025.371d738a21f1623275714d3f4d0b4d110928d761fbab8b28d8b0581afd994247.js:0
[    5828ms] [DIR] %c%d font-size:0;color:transparent Error @ https://g.alicdn.com/captcha-frontend/FeiLin/1.5.1/feilin025.371d738a21f1623275714d3f4d0b4d110928d761fbab8b28d8b0581afd994247.js:0
[    5829ms] [DIRXML] %c%d font-size:0;color:transparent Error @ https://g.alicdn.com/captcha-frontend/FeiLin/1.5.1/feilin025.371d738a21f1623275714d3f4d0b4d110928d761fbab8b28d8b0581afd994247.js:0
[    5829ms] [INFO] %c%d font-size:0;color:transparent NaN @ https://snap-assets.midtrans.com/snap/v4/assets/snap-popup-app.production.a5103c58b1066b302717.js:0
[    5830ms] [INFO] %c%d font-size:0;color:transparent NaN @ https://snap-assets.midtrans.com/snap/v4/assets/snap-popup-app.production.a5103c58b1066b302717.js:0
[    5830ms] [LOG] %c%d font-size:0;color:transparent NaN @ https://g.alicdn.com/captcha-frontend/FeiLin/1.5.1/feilin025.371d738a21f1623275714d3f4d0b4d110928d761fbab8b28d8b0581afd994247.js:0
[    5830ms] [TABLE] %c%d font-size:0;color:transparent Error @ https://g.alicdn.com/captcha-frontend/FeiLin/1.5.1/feilin025.371d738a21f1623275714d3f4d0b4d110928d761fbab8b28d8b0581afd994247.js:0
[    5830ms] [INFO] %c%d font-size:0;color:transparent NaN @ https://snap-assets.midtrans.com/snap/v4/assets/snap-popup-app.production.a5103c58b1066b302717.js:0
[   20276ms] [LOG] Sidebar - currentUser: Proxy(Object) @ https://agentq.id/assets/index-BLZk0sHg.js:47
[   20281ms] [LOG] Fetching projects with companyId: undefined @ https://agentq.id/assets/index-BLZk0sHg.js:47
[   20281ms] [LOG] Checking authentication... @ https://agentq.id/assets/index-BLZk0sHg.js:47
[   20428ms] [LOG] Fetching projects with companyId: 29610a38-f138-4d3f-bd9d-c894a9d245f8 @ https://agentq.id/assets/index-BLZk0sHg.js:47
[   20429ms] [LOG] Sidebar - currentUser: Proxy(Object) @ https://agentq.id/assets/index-BLZk0sHg.js:47
[   20606ms] [LOG] Fetched recent projects for sidebar: Proxy(Array) @ https://agentq.id/assets/index-BLZk0sHg.js:47
[   20646ms] [LOG] Fetched recent projects for sidebar: Proxy(Array) @ https://agentq.id/assets/index-BLZk0sHg.js:47
[   64782ms] [LOG] Route changed to project: 307bf74e-9d6a-429a-a5ba-e8452ece5549 @ https://agentq.id/assets/index-BLZk0sHg.js:47
[   64782ms] [LOG] Internal navigation detected, skipping reorder @ https://agentq.id/assets/index-BLZk0sHg.js:47
[   72668ms] [LOG] Fetched 0 security DAST test cases @ https://agentq.id/assets/TestRuns-DLtRwTEN.js:0
[   74536ms] [LOG] Fetched 0 security DAST test cases @ https://agentq.id/assets/TestRuns-DLtRwTEN.js:0
[   77064ms] [LOG] Fetching test results with params: page=1&limit=10&sortField=tcId&sortDirection=ASC @ https://agentq.id/assets/TestRunDetailWrapper-D9ow0wdI.js:6
[   77153ms] [LOG] AgentQ API key found @ https://agentq.id/assets/TestRunDetailWrapper-D9ow0wdI.js:6
[   77199ms] [LOG] AgentQ profile fetched successfully @ https://agentq.id/assets/TestRunDetailWrapper-D9ow0wdI.js:6
[   77399ms] [LOG] Extracting filter options from 29 test results @ https://agentq.id/assets/TestRunDetailWrapper-D9ow0wdI.js:6
[   77399ms] [LOG] Type options: Proxy(Array) @ https://agentq.id/assets/TestRunDetailWrapper-D9ow0wdI.js:6
[   77400ms] [LOG] Tag options: Proxy(Array) @ https://agentq.id/assets/TestRunDetailWrapper-D9ow0wdI.js:6
[   77400ms] [LOG] ✅ Filter options extraction complete: @ https://agentq.id/assets/TestRunDetailWrapper-D9ow0wdI.js:6
[   77400ms] [LOG]   - Status options: Proxy(Array) @ https://agentq.id/assets/TestRunDetailWrapper-D9ow0wdI.js:6
[   77400ms] [LOG]   - Priority options: Proxy(Array) @ https://agentq.id/assets/TestRunDetailWrapper-D9ow0wdI.js:6
[   77400ms] [LOG]   - Tag options: Proxy(Array) @ https://agentq.id/assets/TestRunDetailWrapper-D9ow0wdI.js:6
[   77401ms] [LOG]   - Type options: Proxy(Array) @ https://agentq.id/assets/TestRunDetailWrapper-D9ow0wdI.js:6
[   77442ms] [LOG] Sample test result data: Proxy(Object) @ https://agentq.id/assets/TestRunDetailWrapper-D9ow0wdI.js:6
[   77442ms] [LOG] Available fields: [id, testRunId, testCaseId, actualResult, duration, notes, status, vulnerabilityDescription, originalSeverity, adjustedSeverity, affectedUrls, requestResponse, remediationGuidance, screenshotUrl, videoUrl, logsUrl, logsSecurityUrl, highCount, mediumCount, lowCount, informationalCount, falsePositiveCount, sequence, previousResultId, isLatest, createdAt, updatedAt, createdBy, testCase] @ https://agentq.id/assets/TestRunDetailWrapper-D9ow0wdI.js:6
[   77442ms] [LOG] ExecutionTime value: undefined @ https://agentq.id/assets/TestRunDetailWrapper-D9ow0wdI.js:6
[   77442ms] [LOG] Duration value: null @ https://agentq.id/assets/TestRunDetailWrapper-D9ow0wdI.js:6
[   77442ms] [LOG] Final duration for display: undefined @ https://agentq.id/assets/TestRunDetailWrapper-D9ow0wdI.js:6
[   77442ms] [LOG] Video URL: null @ https://agentq.id/assets/TestRunDetailWrapper-D9ow0wdI.js:6
[   77443ms] [LOG] Screenshot URL: null @ https://agentq.id/assets/TestRunDetailWrapper-D9ow0wdI.js:6
[   77443ms] [LOG] Found 0 test results with video URLs @ https://agentq.id/assets/TestRunDetailWrapper-D9ow0wdI.js:6
[   77443ms] [LOG] Found 0 test results with screenshot URLs @ https://agentq.id/assets/TestRunDetailWrapper-D9ow0wdI.js:6
[  107651ms] [LOG] 🔍 isSelectedTestRunning computed: {selectedTestResultId: 6b1c70e9-1b0b-4a83-81bf-1d698218f655, isRunning: false, version: 0, runningTestsSize: 0, runningTestIds: Array(0)} @ https://agentq.id/assets/TestRunDetailWrapper-D9ow0wdI.js:6
[  107843ms] [ERROR] Failed to load resource: the server responded with a status of 404 () @ https://backend-app.agentq.id/projects/307bf74e-9d6a-429a-a5ba-e8452ece5549/test-runs/823e6fe8-fa10-42cb-bc2c-ff5e012e7071/test-results/6b1c70e9-1b0b-4a83-81bf-1d698218f655/jira-issue:0
[  107915ms] [ERROR] Failed to load resource: the server responded with a status of 404 () @ https://backend-app.agentq.id/projects/307bf74e-9d6a-429a-a5ba-e8452ece5549/test-runs/823e6fe8-fa10-42cb-bc2c-ff5e012e7071/test-results/6b1c70e9-1b0b-4a83-81bf-1d698218f655/jira-issue:0
[  134308ms] [LOG] 📝 startEditing called: {hasHistoryItem: true, viewOnly: true, historyItemId: 6b1c70e9-1b0b-4a83-81bf-1d698218f655} @ https://agentq.id/assets/TestRunDetailWrapper-D9ow0wdI.js:6
[  134309ms] [LOG] ✅ Modal state set to: {mode: view, selectedHistoryItem: 6b1c70e9-1b0b-4a83-81bf-1d698218f655, status: failed} @ https://agentq.id/assets/TestRunDetailWrapper-D9ow0wdI.js:6
[  134421ms] [ERROR] Failed to load resource: the server responded with a status of 404 () @ https://backend-app.agentq.id/projects/307bf74e-9d6a-429a-a5ba-e8452ece5549/test-runs/823e6fe8-fa10-42cb-bc2c-ff5e012e7071/test-results/6b1c70e9-1b0b-4a83-81bf-1d698218f655/jira-issue:0
[  155021ms] [LOG] 🚪 Closing modal and resetting state @ https://agentq.id/assets/TestRunDetailWrapper-D9ow0wdI.js:6
[  155021ms] [LOG] ✅ Modal state reset to: {mode: add, selectedHistoryItem: null, status: } @ https://agentq.id/assets/TestRunDetailWrapper-D9ow0wdI.js:6
[  157140ms] [LOG] Fetching test results with params: page=1&limit=10&sortField=tcId&sortDirection=ASC @ https://agentq.id/assets/TestRunDetailWrapper-D9ow0wdI.js:6
[  157305ms] [LOG] Sample test result data: Proxy(Object) @ https://agentq.id/assets/TestRunDetailWrapper-D9ow0wdI.js:6
[  157305ms] [LOG] Available fields: [id, testRunId, testCaseId, actualResult, duration, notes, status, vulnerabilityDescription, originalSeverity, adjustedSeverity, affectedUrls, requestResponse, remediationGuidance, screenshotUrl, videoUrl, logsUrl, logsSecurityUrl, highCount, mediumCount, lowCount, informationalCount, falsePositiveCount, sequence, previousResultId, isLatest, createdAt, updatedAt, createdBy, testCase] @ https://agentq.id/assets/TestRunDetailWrapper-D9ow0wdI.js:6
[  157306ms] [LOG] ExecutionTime value: undefined @ https://agentq.id/assets/TestRunDetailWrapper-D9ow0wdI.js:6
[  157306ms] [LOG] Duration value: null @ https://agentq.id/assets/TestRunDetailWrapper-D9ow0wdI.js:6
[  157306ms] [LOG] Final duration for display: undefined @ https://agentq.id/assets/TestRunDetailWrapper-D9ow0wdI.js:6
[  157306ms] [LOG] Video URL: null @ https://agentq.id/assets/TestRunDetailWrapper-D9ow0wdI.js:6
[  157306ms] [LOG] Screenshot URL: null @ https://agentq.id/assets/TestRunDetailWrapper-D9ow0wdI.js:6
[  157306ms] [LOG] Found 0 test results with video URLs @ https://agentq.id/assets/TestRunDetailWrapper-D9ow0wdI.js:6
[  157306ms] [LOG] Found 0 test results with screenshot URLs @ https://agentq.id/assets/TestRunDetailWrapper-D9ow0wdI.js:6
[  162225ms] [LOG] 🔍 isSelectedTestRunning computed: {selectedTestResultId: 12f4f9a9-472e-457a-8714-ec992c550af4, isRunning: false, version: 0, runningTestsSize: 0, runningTestIds: Array(0)} @ https://agentq.id/assets/TestRunDetailWrapper-D9ow0wdI.js:6
[  162442ms] [ERROR] Failed to load resource: the server responded with a status of 404 () @ https://backend-app.agentq.id/projects/307bf74e-9d6a-429a-a5ba-e8452ece5549/test-runs/823e6fe8-fa10-42cb-bc2c-ff5e012e7071/test-results/12f4f9a9-472e-457a-8714-ec992c550af4/jira-issue:0
[  162518ms] [ERROR] Failed to load resource: the server responded with a status of 404 () @ https://backend-app.agentq.id/projects/307bf74e-9d6a-429a-a5ba-e8452ece5549/test-runs/823e6fe8-fa10-42cb-bc2c-ff5e012e7071/test-results/12f4f9a9-472e-457a-8714-ec992c550af4/jira-issue:0
[  183887ms] [LOG] 📝 startEditing called: {hasHistoryItem: true, viewOnly: true, historyItemId: 12f4f9a9-472e-457a-8714-ec992c550af4} @ https://agentq.id/assets/TestRunDetailWrapper-D9ow0wdI.js:6
[  183888ms] [LOG] ✅ Modal state set to: {mode: view, selectedHistoryItem: 12f4f9a9-472e-457a-8714-ec992c550af4, status: failed} @ https://agentq.id/assets/TestRunDetailWrapper-D9ow0wdI.js:6
[  184028ms] [ERROR] Failed to load resource: the server responded with a status of 404 () @ https://backend-app.agentq.id/projects/307bf74e-9d6a-429a-a5ba-e8452ece5549/test-runs/823e6fe8-fa10-42cb-bc2c-ff5e012e7071/test-results/12f4f9a9-472e-457a-8714-ec992c550af4/jira-issue:0
[  195270ms] [LOG] 🚪 Closing modal and resetting state @ https://agentq.id/assets/TestRunDetailWrapper-D9ow0wdI.js:6
[  195270ms] [LOG] ✅ Modal state reset to: {mode: add, selectedHistoryItem: null, status: } @ https://agentq.id/assets/TestRunDetailWrapper-D9ow0wdI.js:6
[  198288ms] [LOG] Fetching test results with params: page=1&limit=10&sortField=tcId&sortDirection=ASC @ https://agentq.id/assets/TestRunDetailWrapper-D9ow0wdI.js:6
[  198389ms] [LOG] Sample test result data: Proxy(Object) @ https://agentq.id/assets/TestRunDetailWrapper-D9ow0wdI.js:6
[  198389ms] [LOG] Available fields: [id, testRunId, testCaseId, actualResult, duration, notes, status, vulnerabilityDescription, originalSeverity, adjustedSeverity, affectedUrls, requestResponse, remediationGuidance, screenshotUrl, videoUrl, logsUrl, logsSecurityUrl, highCount, mediumCount, lowCount, informationalCount, falsePositiveCount, sequence, previousResultId, isLatest, createdAt, updatedAt, createdBy, testCase] @ https://agentq.id/assets/TestRunDetailWrapper-D9ow0wdI.js:6
[  198390ms] [LOG] ExecutionTime value: undefined @ https://agentq.id/assets/TestRunDetailWrapper-D9ow0wdI.js:6
[  198390ms] [LOG] Duration value: null @ https://agentq.id/assets/TestRunDetailWrapper-D9ow0wdI.js:6
[  198390ms] [LOG] Final duration for display: undefined @ https://agentq.id/assets/TestRunDetailWrapper-D9ow0wdI.js:6
[  198390ms] [LOG] Video URL: null @ https://agentq.id/assets/TestRunDetailWrapper-D9ow0wdI.js:6
[  198390ms] [LOG] Screenshot URL: null @ https://agentq.id/assets/TestRunDetailWrapper-D9ow0wdI.js:6
[  198390ms] [LOG] Found 0 test results with video URLs @ https://agentq.id/assets/TestRunDetailWrapper-D9ow0wdI.js:6
[  198391ms] [LOG] Found 0 test results with screenshot URLs @ https://agentq.id/assets/TestRunDetailWrapper-D9ow0wdI.js:6
[  202355ms] [LOG] 🔍 isSelectedTestRunning computed: {selectedTestResultId: 282cd3e0-f042-4272-ba5b-cef7a5293067, isRunning: false, version: 0, runningTestsSize: 0, runningTestIds: Array(0)} @ https://agentq.id/assets/TestRunDetailWrapper-D9ow0wdI.js:6
[  202482ms] [ERROR] Failed to load resource: the server responded with a status of 404 () @ https://backend-app.agentq.id/projects/307bf74e-9d6a-429a-a5ba-e8452ece5549/test-runs/823e6fe8-fa10-42cb-bc2c-ff5e012e7071/test-results/282cd3e0-f042-4272-ba5b-cef7a5293067/jira-issue:0
[  219972ms] [LOG] 📝 startEditing called: {hasHistoryItem: false, viewOnly: false, historyItemId: undefined} @ https://agentq.id/assets/TestRunDetailWrapper-D9ow0wdI.js:6
[  219972ms] [LOG] ✅ Modal state set to: {mode: add, selectedHistoryItem: undefined, status: } @ https://agentq.id/assets/TestRunDetailWrapper-D9ow0wdI.js:6
